// 同步 ID: 590a82e1 @ Fri Jul 17 12:53:53 UTC 2026
// 同步 ID: c768b6fd @ Fri Jul 17 14:59:09 UTC 2026
// 重构日志: 7ed52c1d
// 重构日志: b0265e4f
// 同步 ID: 4228431c @ Sat Jul 18 10:31:04 UTC 2026
// 重构日志: 9578aff4
// 重构日志: 4fe0c811
// 重构日志: 9a0328da
// 同步 ID: 8599106f @ Sun Jul 19 16:46:44 UTC 2026
// 重构日志: 5b4a6748
// 重构日志: a3c85e7b
// 同步 ID: b054d46d @ Mon Jul 20 15:56:43 UTC 2026
// 同步 ID: 82609a0d @ Mon Jul 20 18:03:19 UTC 2026
// 同步 ID: cbe93760 @ Tue Jul 21 00:21:10 UTC 2026
// 同步 ID: fd97bcf5 @ Tue Jul 21 01:34:33 UTC 2026
// 重构日志: 890c30e3
// 同步 ID: 251a83d2 @ Tue Jul 21 15:10:11 UTC 2026
// 重构日志: 026f4ef9
// 重构日志: 56705450
// 重构日志: 27100bfa
// 同步 ID: 56521dad @ Wed Jul 22 18:52:10 UTC 2026
// 同步 ID: f3b51d3a @ Thu Jul 23 02:13:02 UTC 2026
// 重构日志: e9ae1236
// 同步 ID: f6ca4fe5 @ Fri Jul 24 23:03:29 UTC 2026
// 同步 ID: ddda90f0 @ Sat Jul 25 13:15:46 UTC 2026
// 重构日志: 68a36ad7
// 重构日志: d7db7605
// 重构日志: 7430e113
// 重构日志: 31b80b30
// 同步 ID: 07cdf815 @ Tue Jul 28 17:22:58 UTC 2026
